Parsing completed
Syntax Tree:
TypeDeclaration 'HelloWorld'
  [0]: 
    Function 'main'
      type:
        null
      statements:
        [0]: 
          VarOrCallChainMaybeAssignStatementSyntax
            VarOrCallChainSyntax
              [0]: 
                VariableOrCall 'Console'
              [1]: 
                VariableOrCall 'writeLine'
                  [0]: 
                    ExpressionLiteralSyntax 'Hello World!'

Compiled module:
Module hello_world
  Type HelloWorld
    Function main()
      LunaCompiler.VarOrCallChainMaybeAssignStatement

Generated Cpp code:
#include "stdio.h"
#include "stdarg.h"
class Console {
public:
  static void writeLine(const char* msg, ...) {
    va_list argp;
    va_start(argp, msg);
    vfprintf(stdout, msg, argp);
    fprintf(stdout, "\n");
    va_end(argp);
  }
};

class HelloWorld {
public:
  static void main() {
    Console::writeLine("Hello World!");
  }
};
int main() {
  HelloWorld::main();
}

Program output:
Hello World!
